16:10:56 DIM     [Search] reading 1 notice(s) with Tesseract...
16:10:56 DIM     [Search] reading 1 notice(s) with Tesseract...
16:12:18 DIM     [Search] reading 1 notice(s) with Tesseract...
16:12:19 DIM     [Search] reading 1 notice(s) with Tesseract...
16:12:40 INFO    ======================================================================
16:12:40 INFO    Public Notice Extractor v1.35 headless: 1 edition(s) for 2026-08-10
16:12:40 INFO    ======================================================================
16:12:49 INFO    [Divya Bhaskar 10-08] [OCR] Backend check:
16:12:49 DIM     [Divya Bhaskar 10-08] Windows OCR : installed, NO Gujarati [en-GB, en-US]
16:12:49 DIM     [Divya Bhaskar 10-08] Tesseract   : READY with Gujarati [E:\Tesseract-OCR\tesseract.exe]
16:12:49 DIM     [Divya Bhaskar 10-08] EasyOCR     : installed, NO Gujarati model (upstream limitation)
16:12:49 WARN    [Divya Bhaskar 10-08] [Setup] Windows OCR: add the Gujarati OCR pack.  Fastest way, in an ADMIN PowerShell:  DISM /Online /Add-Capability /CapabilityName:Language.OCR~~~gu-IN~0.0.1.0     (or Settings > Time & Language > Language & Region > Add a language > ગુજરાતી, then Language options > install the optional OCR component)
16:12:49 WARN    [Divya Bhaskar 10-08] [OCR] Windows OCR available but WITHOUT Gujarati -> trying next backend
16:12:49 SUCCESS [Divya Bhaskar 10-08] [OCR] Using Tesseract (Gujarati)
16:12:49 SUCCESS [Divya Bhaskar 10-08] [OCR] Divya Bhaskar -> Using Tesseract (Gujarati), 4 readers in parallel
16:12:49 WARN    [Divya Bhaskar 10-08] [Warning] RAQM not available -> fallback rendering (embedded templates are unaffected; OCR decides matches).
16:12:49 DIM     [Divya Bhaskar 10-08] Pillow's Windows wheels do not bundle libraqm and there is no 'pillow[raqm]' extra, so pip cannot fix this - see setup_ocr.py --raqm.
16:12:49 INFO    [Divya Bhaskar 10-08] Opening Edition...
16:12:49 INFO    [Divya Bhaskar 10-08] Opening edition: ahmedabad / 2026-08-10
16:12:50 DIM     [Divya Bhaskar 10-08] Browser session ready (chrome, headless).
16:12:50 INFO    [Divya Bhaskar 10-08] Opening the e-paper in a headless browser (automatic session)...
16:12:54 WARN    [Divya Bhaskar 10-08] No Divya Bhaskar login found on this machine.
16:12:54 WARN    [Divya Bhaskar 10-08] A sign-in window has opened - log in to Divya Bhaskar there.  It is remembered, so this happens only once.
16:12:55 DIM     [Divya Bhaskar 10-08] Browser session ready (chrome, visible).
16:12:58 SUCCESS [Divya Bhaskar 10-08] Signed in - the session is stored for every later run.
16:12:59 DIM     [Divya Bhaskar 10-08] Browser session ready (chrome, headless).
16:13:02 WARN    [Divya Bhaskar 10-08] Browser discovery found no pages - falling back to the direct routes.
16:14:35 DIM     [Divya Bhaskar 10-08] Following edition link: https://www.divyabhaskar.co.in/account/redirect-epaper/refund-policy
16:14:49 DIM     [Divya Bhaskar 10-08] Page-source dump saved (for troubleshooting): E:\unispace\jaher notice\notice_extractor\data\debug\divya_bhaskar\divyabhaskar_debug.html
16:14:49 INFO    [Divya Bhaskar 10-08] Edition has 40 pages.
16:14:49 DIM     [Divya Bhaskar 10-08] (page limit: first 3)
16:14:49 INFO    [Divya Bhaskar 10-08] [ahmedabad] Page 1 / 3
16:14:49 INFO    [Divya Bhaskar 10-08] Got 976x1566 px
16:14:49 INFO    [Divya Bhaskar 10-08] Searching for Public Notices...
16:14:55 DIM     [Divya Bhaskar 10-08] Deep scan: full-page OCR sweep...
16:14:57 DIM     [Divya Bhaskar 10-08] No Public Notices Found
16:14:57 INFO    [Divya Bhaskar 10-08] [ahmedabad] Page 2 / 3
16:14:57 INFO    [Divya Bhaskar 10-08] Got 976x1566 px
16:14:57 INFO    [Divya Bhaskar 10-08] Searching for Public Notices...
16:15:03 DIM     [Divya Bhaskar 10-08] Deep scan: full-page OCR sweep...
16:15:06 DIM     [Divya Bhaskar 10-08] No Public Notices Found
16:15:06 INFO    [Divya Bhaskar 10-08] [ahmedabad] Page 3 / 3
16:15:06 INFO    [Divya Bhaskar 10-08] Got 976x1566 px
16:15:06 INFO    [Divya Bhaskar 10-08] Searching for Public Notices...
16:15:12 DIM     [Divya Bhaskar 10-08] Deep scan: full-page OCR sweep...
16:15:14 INFO    run finished: Finished: 0 Public Notices total   [Divya Bhaskar: 0] in 154.6s
16:15:14 DIM     [Divya Bhaskar 10-08] No Public Notices Found
16:15:14 DIM     [Agent] Divya Bhaskar 10-08 -> Completed in 154.6s (0 notice(s))
16:15:14 DIM     ##  Divya Bhaskar  -  ahmedabad  -  10-08-2026  ->  0 notice(s)
16:15:14 DIM     ----------------------------------------------
16:15:14 INFO    Finished: 0 Public Notices total   [Divya Bhaskar: 0]
16:15:14 INFO        Divya Bhaskar: 0 notice(s)
16:15:14 DIM         wall clock: 154.6s
16:16:31 INFO    ======================================================================
16:16:31 INFO    Public Notice Extractor v1.35 headless: 1 edition(s) for 2026-08-10
16:16:31 INFO    ======================================================================
16:16:35 INFO    [Divya Bhaskar 10-08] [OCR] Backend check:
16:16:35 DIM     [Divya Bhaskar 10-08] Windows OCR : installed, NO Gujarati [en-GB, en-US]
16:16:35 DIM     [Divya Bhaskar 10-08] Tesseract   : READY with Gujarati [E:\Tesseract-OCR\tesseract.exe]
16:16:35 DIM     [Divya Bhaskar 10-08] EasyOCR     : installed, NO Gujarati model (upstream limitation)
16:16:35 WARN    [Divya Bhaskar 10-08] [Setup] Windows OCR: add the Gujarati OCR pack.  Fastest way, in an ADMIN PowerShell:  DISM /Online /Add-Capability /CapabilityName:Language.OCR~~~gu-IN~0.0.1.0     (or Settings > Time & Language > Language & Region > Add a language > ગુજરાતી, then Language options > install the optional OCR component)
16:16:35 WARN    [Divya Bhaskar 10-08] [OCR] Windows OCR available but WITHOUT Gujarati -> trying next backend
16:16:35 SUCCESS [Divya Bhaskar 10-08] [OCR] Using Tesseract (Gujarati)
16:16:35 SUCCESS [Divya Bhaskar 10-08] [OCR] Divya Bhaskar -> Using Tesseract (Gujarati), 4 readers in parallel
16:16:35 WARN    [Divya Bhaskar 10-08] [Warning] RAQM not available -> fallback rendering (embedded templates are unaffected; OCR decides matches).
16:16:35 DIM     [Divya Bhaskar 10-08] Pillow's Windows wheels do not bundle libraqm and there is no 'pillow[raqm]' extra, so pip cannot fix this - see setup_ocr.py --raqm.
16:16:35 INFO    [Divya Bhaskar 10-08] Opening Edition...
16:16:35 INFO    [Divya Bhaskar 10-08] Opening edition: ahmedabad / 2026-08-10
16:16:36 DIM     [Divya Bhaskar 10-08] Browser session ready (chrome, headless).
16:16:36 WARN    [Divya Bhaskar 10-08] Auto-login: no logged-in Divya Bhaskar browser session found (browser not installed / not logged in, or Chrome's app-bound cookie encryption).  Trying the saved cookie / use Open PDF.
16:16:36 DIM     [Divya Bhaskar 10-08] Seeded the browser session from this machine's existing login.
16:16:36 INFO    [Divya Bhaskar 10-08] Opening the e-paper in a headless browser (automatic session)...
16:16:38 SUCCESS [Divya Bhaskar 10-08] Browser session OK - 18 pages, access token yes.
16:16:39 INFO    [Divya Bhaskar 10-08] Edition has 18 pages.
16:16:39 DIM     [Divya Bhaskar 10-08] (page limit: first 2)
16:16:39 INFO    [Divya Bhaskar 10-08] [ahmedabad] Page 1 / 2
16:16:40 INFO    [Divya Bhaskar 10-08] Got 2244x3600 px
16:16:40 INFO    [Divya Bhaskar 10-08] Searching for Public Notices...
16:16:46 DIM     [Divya Bhaskar 10-08] Deep scan: full-page OCR sweep...
16:16:52 DIM     [Divya Bhaskar 10-08] No Public Notices Found
16:16:52 INFO    [Divya Bhaskar 10-08] [ahmedabad] Page 2 / 2
16:16:52 INFO    [Divya Bhaskar 10-08] Got 2244x3600 px
16:16:52 INFO    [Divya Bhaskar 10-08] Searching for Public Notices...
16:16:55 DIM     [Divya Bhaskar 10-08] Deep scan: full-page OCR sweep...
16:17:13 INFO    run finished: Finished: 0 Public Notices total   [Divya Bhaskar: 0] in 42.0s
16:17:13 DIM     [Divya Bhaskar 10-08] No Public Notices Found
16:17:13 DIM     [Agent] Divya Bhaskar 10-08 -> Completed in 42.0s (0 notice(s))
16:17:13 DIM     ##  Divya Bhaskar  -  ahmedabad  -  10-08-2026  ->  0 notice(s)
16:17:13 DIM     ----------------------------------------------
16:17:13 INFO    Finished: 0 Public Notices total   [Divya Bhaskar: 0]
16:17:13 INFO        Divya Bhaskar: 0 notice(s)
16:17:13 DIM         wall clock: 42.0s
16:17:35 INFO    ======================================================================
16:17:35 INFO    Public Notice Extractor v1.36 headless: 1 edition(s) for 2026-08-10
16:17:35 INFO    ======================================================================
16:17:39 INFO    [Divya Bhaskar 10-08] [OCR] Backend check:
16:17:39 DIM     [Divya Bhaskar 10-08] Windows OCR : installed, NO Gujarati [en-GB, en-US]
16:17:39 DIM     [Divya Bhaskar 10-08] Tesseract   : READY with Gujarati [E:\Tesseract-OCR\tesseract.exe]
16:17:39 DIM     [Divya Bhaskar 10-08] EasyOCR     : installed, NO Gujarati model (upstream limitation)
16:17:39 WARN    [Divya Bhaskar 10-08] [Setup] Windows OCR: add the Gujarati OCR pack.  Fastest way, in an ADMIN PowerShell:  DISM /Online /Add-Capability /CapabilityName:Language.OCR~~~gu-IN~0.0.1.0     (or Settings > Time & Language > Language & Region > Add a language > ગુજરાતી, then Language options > install the optional OCR component)
16:17:39 WARN    [Divya Bhaskar 10-08] [OCR] Windows OCR available but WITHOUT Gujarati -> trying next backend
16:17:39 SUCCESS [Divya Bhaskar 10-08] [OCR] Using Tesseract (Gujarati)
16:17:39 SUCCESS [Divya Bhaskar 10-08] [OCR] Divya Bhaskar -> Using Tesseract (Gujarati), 4 readers in parallel
16:17:39 WARN    [Divya Bhaskar 10-08] [Warning] RAQM not available -> fallback rendering (embedded templates are unaffected; OCR decides matches).
16:17:39 DIM     [Divya Bhaskar 10-08] Pillow's Windows wheels do not bundle libraqm and there is no 'pillow[raqm]' extra, so pip cannot fix this - see setup_ocr.py --raqm.
16:17:39 INFO    [Divya Bhaskar 10-08] Opening Edition...
16:17:39 INFO    [Divya Bhaskar 10-08] Opening edition: ahmedabad / 2026-08-10
16:17:40 DIM     [Divya Bhaskar 10-08] Browser session ready (chrome, headless).
16:17:40 WARN    [Divya Bhaskar 10-08] Auto-login: no logged-in Divya Bhaskar browser session found (browser not installed / not logged in, or Chrome's app-bound cookie encryption).  Trying the saved cookie / use Open PDF.
16:17:40 DIM     [Divya Bhaskar 10-08] Seeded the browser session from this machine's existing login.
16:17:40 INFO    [Divya Bhaskar 10-08] Opening the e-paper in a headless browser (automatic session)...
16:17:41 SUCCESS [Divya Bhaskar 10-08] Browser session OK - 18 pages, access token yes.
16:17:42 INFO    [Divya Bhaskar 10-08] Edition has 18 pages.
16:17:42 INFO    [Divya Bhaskar 10-08] [ahmedabad] Page 1 / 18
16:17:44 INFO    [Divya Bhaskar 10-08] Got 2244x3600 px
16:17:44 INFO    [Divya Bhaskar 10-08] Searching for Public Notices...
16:17:50 DIM     [Divya Bhaskar 10-08] Deep scan: full-page OCR sweep...
16:17:55 DIM     [Divya Bhaskar 10-08] No Public Notices Found
16:17:55 INFO    [Divya Bhaskar 10-08] [ahmedabad] Page 2 / 18
16:17:55 INFO    [Divya Bhaskar 10-08] Got 2244x3600 px
16:17:55 INFO    [Divya Bhaskar 10-08] Searching for Public Notices...
16:17:58 DIM     [Divya Bhaskar 10-08] Deep scan: full-page OCR sweep...
16:18:07 DIM     [Divya Bhaskar 10-08] No Public Notices Found
16:18:07 INFO    [Divya Bhaskar 10-08] [ahmedabad] Page 3 / 18
16:18:07 INFO    [Divya Bhaskar 10-08] Got 2244x3600 px
16:18:07 INFO    [Divya Bhaskar 10-08] Searching for Public Notices...
16:18:11 DIM     [Divya Bhaskar 10-08] Deep scan: full-page OCR sweep...
16:18:18 DIM     [Divya Bhaskar 10-08] No Public Notices Found
16:18:18 INFO    [Divya Bhaskar 10-08] [ahmedabad] Page 4 / 18
16:18:18 INFO    [Divya Bhaskar 10-08] Got 2244x3600 px
16:18:18 INFO    [Divya Bhaskar 10-08] Searching for Public Notices...
16:18:21 DIM     [Divya Bhaskar 10-08] Deep scan: full-page OCR sweep...
16:18:29 DIM     [Divya Bhaskar 10-08] No Public Notices Found
16:18:29 INFO    [Divya Bhaskar 10-08] [ahmedabad] Page 5 / 18
16:18:29 INFO    [Divya Bhaskar 10-08] Got 2244x3600 px
16:18:29 INFO    [Divya Bhaskar 10-08] Searching for Public Notices...
16:18:36 DIM     [Divya Bhaskar 10-08] Deep scan: full-page OCR sweep...
16:18:36 DIM     [Search] reading 1 notice(s) with Tesseract...
16:18:36 DIM     [Search] reading 1 notice(s) with Tesseract...
16:18:42 DIM     [Divya Bhaskar 10-08] No Public Notices Found
16:18:42 INFO    [Divya Bhaskar 10-08] [ahmedabad] Page 6 / 18
16:18:42 INFO    [Divya Bhaskar 10-08] Got 2244x3600 px
16:18:42 INFO    [Divya Bhaskar 10-08] Searching for Public Notices...
16:18:45 DIM     [Divya Bhaskar 10-08] Deep scan: full-page OCR sweep...
16:18:54 DIM     [Divya Bhaskar 10-08] No Public Notices Found
16:18:54 INFO    [Divya Bhaskar 10-08] [ahmedabad] Page 7 / 18
16:18:54 INFO    [Divya Bhaskar 10-08] Got 2244x3600 px
16:18:54 INFO    [Divya Bhaskar 10-08] Searching for Public Notices...
16:18:59 DIM     [Divya Bhaskar 10-08] Deep scan: full-page OCR sweep...
16:19:06 DIM     [Divya Bhaskar 10-08] No Public Notices Found
16:19:06 INFO    [Divya Bhaskar 10-08] [ahmedabad] Page 8 / 18
16:19:06 INFO    [Divya Bhaskar 10-08] Got 2243x3600 px
16:19:06 INFO    [Divya Bhaskar 10-08] Searching for Public Notices...
16:19:09 DIM     [Divya Bhaskar 10-08] Deep scan: full-page OCR sweep...
16:19:16 DIM     [Search] reading 1 notice(s) with Tesseract...
16:19:16 DIM     [Search] reading 1 notice(s) with Tesseract...
16:19:20 DIM     [Divya Bhaskar 10-08] No Public Notices Found
16:19:20 INFO    [Divya Bhaskar 10-08] [ahmedabad] Page 9 / 18
16:19:20 INFO    [Divya Bhaskar 10-08] Got 2243x3600 px
16:19:20 INFO    [Divya Bhaskar 10-08] Searching for Public Notices...
16:19:24 DIM     [Divya Bhaskar 10-08] Deep scan: full-page OCR sweep...
16:19:38 DIM     [Divya Bhaskar 10-08] No Public Notices Found
16:19:38 INFO    [Divya Bhaskar 10-08] [ahmedabad] Page 10 / 18
16:19:38 INFO    [Divya Bhaskar 10-08] Got 2244x3600 px
16:19:38 INFO    [Divya Bhaskar 10-08] Searching for Public Notices...
16:19:40 DIM     [Divya Bhaskar 10-08] Deep scan: full-page OCR sweep...
16:19:48 DIM     [Divya Bhaskar 10-08] No Public Notices Found
16:19:48 INFO    [Divya Bhaskar 10-08] [ahmedabad] Page 11 / 18
16:19:48 INFO    [Divya Bhaskar 10-08] Got 2244x3600 px
16:19:48 INFO    [Divya Bhaskar 10-08] Searching for Public Notices...
16:19:51 DIM     [Divya Bhaskar 10-08] Deep scan: full-page OCR sweep...
16:20:00 DIM     [Divya Bhaskar 10-08] No Public Notices Found
16:20:00 INFO    [Divya Bhaskar 10-08] [ahmedabad] Page 12 / 18
16:20:00 INFO    [Divya Bhaskar 10-08] Got 2244x3600 px
16:20:00 INFO    [Divya Bhaskar 10-08] Searching for Public Notices...
16:20:03 DIM     [Divya Bhaskar 10-08] Deep scan: full-page OCR sweep...
16:20:08 DIM     [Search] reading 1 notice(s) with Tesseract...
16:20:09 DIM     [Search] reading 1 notice(s) with Tesseract...
16:20:14 DIM     [Divya Bhaskar 10-08] No Public Notices Found
16:20:14 INFO    [Divya Bhaskar 10-08] [ahmedabad] Page 13 / 18
16:20:14 INFO    [Divya Bhaskar 10-08] Got 2244x3600 px
16:20:14 INFO    [Divya Bhaskar 10-08] Searching for Public Notices...
16:20:16 DIM     [Divya Bhaskar 10-08] Deep scan: full-page OCR sweep...
16:20:26 DIM     [Divya Bhaskar 10-08] No Public Notices Found
16:20:26 INFO    [Divya Bhaskar 10-08] [ahmedabad] Page 14 / 18
16:20:26 INFO    [Divya Bhaskar 10-08] Got 2244x3600 px
16:20:26 INFO    [Divya Bhaskar 10-08] Searching for Public Notices...
16:20:48 SUCCESS [Divya Bhaskar 10-08] 10 Public Notices Found
16:20:48 INFO    [Divya Bhaskar 10-08] Cropping...
16:20:48 INFO    [Divya Bhaskar 10-08] [ahmedabad] Page 15 / 18
16:20:48 INFO    [Divya Bhaskar 10-08] Got 2244x3600 px
16:20:48 INFO    [Divya Bhaskar 10-08] Searching for Public Notices...
16:20:52 DIM     [Divya Bhaskar 10-08] Deep scan: full-page OCR sweep...
16:21:00 DIM     [Divya Bhaskar 10-08] No Public Notices Found
16:21:00 INFO    [Divya Bhaskar 10-08] [ahmedabad] Page 16 / 18
16:21:00 INFO    [Divya Bhaskar 10-08] Got 2244x3600 px
16:21:00 INFO    [Divya Bhaskar 10-08] Searching for Public Notices...
16:21:03 DIM     [Divya Bhaskar 10-08] Deep scan: full-page OCR sweep...
16:21:11 DIM     [Divya Bhaskar 10-08] No Public Notices Found
16:21:11 INFO    [Divya Bhaskar 10-08] [ahmedabad] Page 17 / 18
16:21:11 INFO    [Divya Bhaskar 10-08] Got 2244x3600 px
16:21:11 INFO    [Divya Bhaskar 10-08] Searching for Public Notices...
16:21:14 DIM     [Divya Bhaskar 10-08] Deep scan: full-page OCR sweep...
16:21:22 DIM     [Search] reading 1 notice(s) with Tesseract...
16:21:23 DIM     [Search] reading 1 notice(s) with Tesseract...
16:21:23 DIM     [Divya Bhaskar 10-08] No Public Notices Found
16:21:23 INFO    [Divya Bhaskar 10-08] [ahmedabad] Page 18 / 18
16:21:23 INFO    [Divya Bhaskar 10-08] Got 2244x3600 px
16:21:23 INFO    [Divya Bhaskar 10-08] Searching for Public Notices...
16:21:26 DIM     [Divya Bhaskar 10-08] Deep scan: full-page OCR sweep...
16:21:32 INFO    run finished: Finished: 10 Public Notices total   [Divya Bhaskar: 10] in 237.4s
16:21:32 DIM     [Divya Bhaskar 10-08] No Public Notices Found
16:21:32 DIM     [Agent] Divya Bhaskar 10-08 -> Completed in 237.3s (10 notice(s))
16:21:32 SUCCESS ##  Divya Bhaskar  -  ahmedabad  -  10-08-2026  ->  10 notice(s)
16:21:32 DIM     ----------------------------------------------
16:21:32 SUCCESS Finished: 10 Public Notices total   [Divya Bhaskar: 10]
16:21:32 INFO        Divya Bhaskar: 10 notice(s)
16:21:32 DIM         wall clock: 237.4s
16:22:26 INFO    ======================================================================
16:22:26 INFO    Public Notice Extractor v1.36 headless: 1 edition(s) for 2026-08-10
16:22:26 INFO    ======================================================================
16:22:30 INFO    [Divya Bhaskar 10-08] [OCR] Backend check:
16:22:30 DIM     [Divya Bhaskar 10-08] Windows OCR : installed, NO Gujarati [en-GB, en-US]
16:22:30 DIM     [Divya Bhaskar 10-08] Tesseract   : READY with Gujarati [E:\Tesseract-OCR\tesseract.exe]
16:22:30 DIM     [Divya Bhaskar 10-08] EasyOCR     : installed, NO Gujarati model (upstream limitation)
16:22:30 WARN    [Divya Bhaskar 10-08] [Setup] Windows OCR: add the Gujarati OCR pack.  Fastest way, in an ADMIN PowerShell:  DISM /Online /Add-Capability /CapabilityName:Language.OCR~~~gu-IN~0.0.1.0     (or Settings > Time & Language > Language & Region > Add a language > ગુજરાતી, then Language options > install the optional OCR component)
16:22:30 WARN    [Divya Bhaskar 10-08] [OCR] Windows OCR available but WITHOUT Gujarati -> trying next backend
16:22:30 SUCCESS [Divya Bhaskar 10-08] [OCR] Using Tesseract (Gujarati)
16:22:30 SUCCESS [Divya Bhaskar 10-08] [OCR] Divya Bhaskar -> Using Tesseract (Gujarati), 4 readers in parallel
16:22:30 WARN    [Divya Bhaskar 10-08] [Warning] RAQM not available -> fallback rendering (embedded templates are unaffected; OCR decides matches).
16:22:30 DIM     [Divya Bhaskar 10-08] Pillow's Windows wheels do not bundle libraqm and there is no 'pillow[raqm]' extra, so pip cannot fix this - see setup_ocr.py --raqm.
16:22:30 INFO    [Divya Bhaskar 10-08] Opening Edition...
16:22:30 INFO    [Divya Bhaskar 10-08] Opening edition: ahmedabad / 2026-08-10
16:22:31 DIM     [Divya Bhaskar 10-08] Browser session ready (chrome, headless).
16:22:31 WARN    [Divya Bhaskar 10-08] Auto-login: no logged-in Divya Bhaskar browser session found (browser not installed / not logged in, or Chrome's app-bound cookie encryption).  Trying the saved cookie / use Open PDF.
16:22:31 DIM     [Divya Bhaskar 10-08] Seeded the browser session from this machine's existing login.
16:22:31 INFO    [Divya Bhaskar 10-08] Opening the e-paper in a headless browser (automatic session)...
16:22:33 SUCCESS [Divya Bhaskar 10-08] Browser session OK - 18 pages, access token yes.
16:22:34 INFO    [Divya Bhaskar 10-08] Edition has 18 pages.
16:22:34 DIM     [Divya Bhaskar 10-08] (page limit: first 6)
16:22:34 INFO    [Divya Bhaskar 10-08] [ahmedabad] Page 1 / 6
16:22:35 INFO    [Divya Bhaskar 10-08] Got 2244x3600 px
16:22:35 INFO    [Divya Bhaskar 10-08] Searching for Public Notices...
16:22:41 DIM     [Divya Bhaskar 10-08] Deep scan: full-page OCR sweep...
16:22:46 DIM     [Divya Bhaskar 10-08] No Public Notices Found
16:22:46 INFO    [Divya Bhaskar 10-08] [ahmedabad] Page 2 / 6
16:22:46 INFO    [Divya Bhaskar 10-08] Got 2244x3600 px
16:22:46 INFO    [Divya Bhaskar 10-08] Searching for Public Notices...
16:22:50 DIM     [Divya Bhaskar 10-08] Deep scan: full-page OCR sweep...
16:22:58 DIM     [Divya Bhaskar 10-08] No Public Notices Found
16:22:58 INFO    [Divya Bhaskar 10-08] [ahmedabad] Page 3 / 6
16:22:58 INFO    [Divya Bhaskar 10-08] Got 2244x3600 px
16:22:58 INFO    [Divya Bhaskar 10-08] Searching for Public Notices...
16:23:02 DIM     [Divya Bhaskar 10-08] Deep scan: full-page OCR sweep...
16:23:09 DIM     [Divya Bhaskar 10-08] No Public Notices Found
16:23:09 INFO    [Divya Bhaskar 10-08] [ahmedabad] Page 4 / 6
16:23:09 INFO    [Divya Bhaskar 10-08] Got 2244x3600 px
16:23:09 INFO    [Divya Bhaskar 10-08] Searching for Public Notices...
16:23:12 DIM     [Divya Bhaskar 10-08] Deep scan: full-page OCR sweep...
16:23:20 DIM     [Divya Bhaskar 10-08] No Public Notices Found
16:23:20 INFO    [Divya Bhaskar 10-08] [ahmedabad] Page 5 / 6
16:23:20 INFO    [Divya Bhaskar 10-08] Got 2244x3600 px
16:23:20 INFO    [Divya Bhaskar 10-08] Searching for Public Notices...
16:23:26 DIM     [Divya Bhaskar 10-08] Deep scan: full-page OCR sweep...
16:23:32 DIM     [Divya Bhaskar 10-08] No Public Notices Found
16:23:32 INFO    [Divya Bhaskar 10-08] [ahmedabad] Page 6 / 6
16:23:32 INFO    [Divya Bhaskar 10-08] Got 2244x3600 px
16:23:32 INFO    [Divya Bhaskar 10-08] Searching for Public Notices...
16:23:35 DIM     [Divya Bhaskar 10-08] Deep scan: full-page OCR sweep...
16:23:49 INFO    run finished: Finished: 0 Public Notices total   [Divya Bhaskar: 0] in 82.9s
16:23:49 DIM     [Divya Bhaskar 10-08] No Public Notices Found
16:23:49 DIM     [Agent] Divya Bhaskar 10-08 -> Completed in 82.9s (0 notice(s))
16:23:49 DIM     ##  Divya Bhaskar  -  ahmedabad  -  10-08-2026  ->  0 notice(s)
16:23:49 DIM     ----------------------------------------------
16:23:49 INFO    Finished: 0 Public Notices total   [Divya Bhaskar: 0]
16:23:49 INFO        Divya Bhaskar: 0 notice(s)
16:23:49 DIM         wall clock: 82.9s
16:24:46 INFO    ======================================================================
16:24:46 INFO    Public Notice Extractor v1.36 headless: 1 edition(s) for 2026-08-10
16:24:46 INFO    ======================================================================
16:24:50 INFO    [Divya Bhaskar 10-08] [OCR] Backend check:
16:24:50 DIM     [Divya Bhaskar 10-08] Windows OCR : installed, NO Gujarati [en-GB, en-US]
16:24:50 DIM     [Divya Bhaskar 10-08] Tesseract   : READY with Gujarati [E:\Tesseract-OCR\tesseract.exe]
16:24:50 DIM     [Divya Bhaskar 10-08] EasyOCR     : installed, NO Gujarati model (upstream limitation)
16:24:50 WARN    [Divya Bhaskar 10-08] [Setup] Windows OCR: add the Gujarati OCR pack.  Fastest way, in an ADMIN PowerShell:  DISM /Online /Add-Capability /CapabilityName:Language.OCR~~~gu-IN~0.0.1.0     (or Settings > Time & Language > Language & Region > Add a language > ગુજરાતી, then Language options > install the optional OCR component)
16:24:50 WARN    [Divya Bhaskar 10-08] [OCR] Windows OCR available but WITHOUT Gujarati -> trying next backend
16:24:50 SUCCESS [Divya Bhaskar 10-08] [OCR] Using Tesseract (Gujarati)
16:24:50 SUCCESS [Divya Bhaskar 10-08] [OCR] Divya Bhaskar -> Using Tesseract (Gujarati), 4 readers in parallel
16:24:50 WARN    [Divya Bhaskar 10-08] [Warning] RAQM not available -> fallback rendering (embedded templates are unaffected; OCR decides matches).
16:24:50 DIM     [Divya Bhaskar 10-08] Pillow's Windows wheels do not bundle libraqm and there is no 'pillow[raqm]' extra, so pip cannot fix this - see setup_ocr.py --raqm.
16:24:50 INFO    [Divya Bhaskar 10-08] Opening Edition...
16:24:50 INFO    [Divya Bhaskar 10-08] Opening edition: ahmedabad / 2026-08-10
16:24:51 DIM     [Divya Bhaskar 10-08] Browser session ready (chrome, headless).
16:24:51 WARN    [Divya Bhaskar 10-08] Auto-login: no logged-in Divya Bhaskar browser session found (browser not installed / not logged in, or Chrome's app-bound cookie encryption).  Trying the saved cookie / use Open PDF.
16:24:51 DIM     [Divya Bhaskar 10-08] Seeded the browser session from this machine's existing login.
16:24:51 INFO    [Divya Bhaskar 10-08] Opening the e-paper in a headless browser (automatic session)...
16:25:01 SUCCESS [Divya Bhaskar 10-08] Browser session OK - 18 pages, access token yes.
16:25:02 INFO    [Divya Bhaskar 10-08] Edition has 18 pages.
16:25:02 INFO    [Divya Bhaskar 10-08] [ahmedabad] Page 1 / 18
16:25:04 INFO    [Divya Bhaskar 10-08] Got 2244x3600 px
16:25:04 INFO    [Divya Bhaskar 10-08] Searching for Public Notices...
16:25:09 DIM     [Divya Bhaskar 10-08] Deep scan: full-page OCR sweep...
16:25:15 DIM     [Divya Bhaskar 10-08] No Public Notices Found
16:25:15 INFO    [Divya Bhaskar 10-08] [ahmedabad] Page 2 / 18
16:25:15 INFO    [Divya Bhaskar 10-08] Got 2244x3600 px
16:25:15 INFO    [Divya Bhaskar 10-08] Searching for Public Notices...
16:25:18 DIM     [Divya Bhaskar 10-08] Deep scan: full-page OCR sweep...
16:25:26 DIM     [Divya Bhaskar 10-08] No Public Notices Found
16:25:26 INFO    [Divya Bhaskar 10-08] [ahmedabad] Page 3 / 18
16:25:26 INFO    [Divya Bhaskar 10-08] Got 2244x3600 px
16:25:26 INFO    [Divya Bhaskar 10-08] Searching for Public Notices...
16:25:30 DIM     [Divya Bhaskar 10-08] Deep scan: full-page OCR sweep...
16:25:38 DIM     [Divya Bhaskar 10-08] No Public Notices Found
16:25:38 INFO    [Divya Bhaskar 10-08] [ahmedabad] Page 4 / 18
16:25:38 INFO    [Divya Bhaskar 10-08] Got 2244x3600 px
16:25:38 INFO    [Divya Bhaskar 10-08] Searching for Public Notices...
16:25:41 DIM     [Divya Bhaskar 10-08] Deep scan: full-page OCR sweep...
16:25:49 DIM     [Divya Bhaskar 10-08] No Public Notices Found
16:25:49 INFO    [Divya Bhaskar 10-08] [ahmedabad] Page 5 / 18
16:25:49 INFO    [Divya Bhaskar 10-08] Got 2244x3600 px
16:25:49 INFO    [Divya Bhaskar 10-08] Searching for Public Notices...
16:25:54 DIM     [Divya Bhaskar 10-08] Deep scan: full-page OCR sweep...
16:26:00 DIM     [Divya Bhaskar 10-08] No Public Notices Found
16:26:00 INFO    [Divya Bhaskar 10-08] [ahmedabad] Page 6 / 18
16:26:00 INFO    [Divya Bhaskar 10-08] Got 2244x3600 px
16:26:00 INFO    [Divya Bhaskar 10-08] Searching for Public Notices...
16:26:04 DIM     [Divya Bhaskar 10-08] Deep scan: full-page OCR sweep...
16:26:13 DIM     [Divya Bhaskar 10-08] No Public Notices Found
16:26:13 INFO    [Divya Bhaskar 10-08] [ahmedabad] Page 7 / 18
16:26:13 INFO    [Divya Bhaskar 10-08] Got 2244x3600 px
16:26:13 INFO    [Divya Bhaskar 10-08] Searching for Public Notices...
16:26:17 DIM     [Divya Bhaskar 10-08] Deep scan: full-page OCR sweep...
16:26:25 DIM     [Divya Bhaskar 10-08] No Public Notices Found
16:26:25 INFO    [Divya Bhaskar 10-08] [ahmedabad] Page 8 / 18
16:26:25 INFO    [Divya Bhaskar 10-08] Got 2243x3600 px
16:26:25 INFO    [Divya Bhaskar 10-08] Searching for Public Notices...
16:26:28 DIM     [Divya Bhaskar 10-08] Deep scan: full-page OCR sweep...
16:26:36 DIM     [Divya Bhaskar 10-08] No Public Notices Found
16:26:36 INFO    [Divya Bhaskar 10-08] [ahmedabad] Page 9 / 18
16:26:36 INFO    [Divya Bhaskar 10-08] Got 2243x3600 px
16:26:36 INFO    [Divya Bhaskar 10-08] Searching for Public Notices...
16:26:41 DIM     [Divya Bhaskar 10-08] Deep scan: full-page OCR sweep...
16:26:54 DIM     [Divya Bhaskar 10-08] No Public Notices Found
16:26:54 INFO    [Divya Bhaskar 10-08] [ahmedabad] Page 10 / 18
16:26:54 INFO    [Divya Bhaskar 10-08] Got 2244x3600 px
16:26:54 INFO    [Divya Bhaskar 10-08] Searching for Public Notices...
16:26:57 DIM     [Divya Bhaskar 10-08] Deep scan: full-page OCR sweep...
16:27:04 DIM     [Divya Bhaskar 10-08] No Public Notices Found
16:27:04 INFO    [Divya Bhaskar 10-08] [ahmedabad] Page 11 / 18
16:27:04 INFO    [Divya Bhaskar 10-08] Got 2244x3600 px
16:27:04 INFO    [Divya Bhaskar 10-08] Searching for Public Notices...
16:27:07 DIM     [Divya Bhaskar 10-08] Deep scan: full-page OCR sweep...
16:27:16 DIM     [Divya Bhaskar 10-08] No Public Notices Found
16:27:16 INFO    [Divya Bhaskar 10-08] [ahmedabad] Page 12 / 18
16:27:16 INFO    [Divya Bhaskar 10-08] Got 2244x3600 px
16:27:16 INFO    [Divya Bhaskar 10-08] Searching for Public Notices...
16:27:19 DIM     [Divya Bhaskar 10-08] Deep scan: full-page OCR sweep...
16:27:29 DIM     [Divya Bhaskar 10-08] No Public Notices Found
16:27:29 INFO    [Divya Bhaskar 10-08] [ahmedabad] Page 13 / 18
16:27:29 INFO    [Divya Bhaskar 10-08] Got 2244x3600 px
16:27:29 INFO    [Divya Bhaskar 10-08] Searching for Public Notices...
16:27:31 DIM     [Divya Bhaskar 10-08] Deep scan: full-page OCR sweep...
16:27:42 DIM     [Divya Bhaskar 10-08] No Public Notices Found
16:27:42 INFO    [Divya Bhaskar 10-08] [ahmedabad] Page 14 / 18
16:27:42 INFO    [Divya Bhaskar 10-08] Got 2244x3600 px
16:27:42 INFO    [Divya Bhaskar 10-08] Searching for Public Notices...
16:28:03 SUCCESS [Divya Bhaskar 10-08] 10 Public Notices Found
16:28:03 INFO    [Divya Bhaskar 10-08] Cropping...
16:28:03 INFO    [Divya Bhaskar 10-08] [ahmedabad] Page 15 / 18
16:28:03 INFO    [Divya Bhaskar 10-08] Got 2244x3600 px
16:28:03 INFO    [Divya Bhaskar 10-08] Searching for Public Notices...
16:28:07 DIM     [Divya Bhaskar 10-08] Deep scan: full-page OCR sweep...
16:28:15 DIM     [Divya Bhaskar 10-08] No Public Notices Found
16:28:15 INFO    [Divya Bhaskar 10-08] [ahmedabad] Page 16 / 18
16:28:15 INFO    [Divya Bhaskar 10-08] Got 2244x3600 px
16:28:15 INFO    [Divya Bhaskar 10-08] Searching for Public Notices...
16:28:17 DIM     [Divya Bhaskar 10-08] Deep scan: full-page OCR sweep...
16:28:26 DIM     [Divya Bhaskar 10-08] No Public Notices Found
16:28:26 INFO    [Divya Bhaskar 10-08] [ahmedabad] Page 17 / 18
16:28:26 INFO    [Divya Bhaskar 10-08] Got 2244x3600 px
16:28:26 INFO    [Divya Bhaskar 10-08] Searching for Public Notices...
16:28:29 DIM     [Divya Bhaskar 10-08] Deep scan: full-page OCR sweep...
16:28:38 DIM     [Divya Bhaskar 10-08] No Public Notices Found
16:28:38 INFO    [Divya Bhaskar 10-08] [ahmedabad] Page 18 / 18
16:28:38 INFO    [Divya Bhaskar 10-08] Got 2244x3600 px
16:28:38 INFO    [Divya Bhaskar 10-08] Searching for Public Notices...
16:28:41 DIM     [Divya Bhaskar 10-08] Deep scan: full-page OCR sweep...
16:28:47 INFO    run finished: Finished: 10 Public Notices total   [Divya Bhaskar: 10] in 240.7s
16:28:47 DIM     [Divya Bhaskar 10-08] No Public Notices Found
16:28:47 DIM     [Agent] Divya Bhaskar 10-08 -> Completed in 240.6s (10 notice(s))
16:28:47 SUCCESS ##  Divya Bhaskar  -  ahmedabad  -  10-08-2026  ->  10 notice(s)
16:28:47 DIM     ----------------------------------------------
16:28:47 SUCCESS Finished: 10 Public Notices total   [Divya Bhaskar: 10]
16:28:47 INFO        Divya Bhaskar: 10 notice(s)
16:28:47 DIM         wall clock: 240.7s
16:29:56 INFO    ======================================================================
16:29:56 INFO    Public Notice Extractor v1.36 headless: 8 edition(s) for 2026-08-10
16:29:56 INFO    ======================================================================
16:29:56 INFO    [Agents] Starting 8 edition agents in parallel (6 detectors x 3 cv2 threads)...
16:30:00 INFO    [Sandesh 10-08] [OCR] Backend check:
16:30:00 DIM     [Sandesh 10-08] Windows OCR : installed, NO Gujarati [en-GB, en-US]
16:30:00 DIM     [Sandesh 10-08] Tesseract   : READY with Gujarati [E:\Tesseract-OCR\tesseract.exe]
16:30:00 DIM     [Sandesh 10-08] EasyOCR     : installed, NO Gujarati model (upstream limitation)
16:30:00 WARN    [Sandesh 10-08] [Setup] Windows OCR: add the Gujarati OCR pack.  Fastest way, in an ADMIN PowerShell:  DISM /Online /Add-Capability /CapabilityName:Language.OCR~~~gu-IN~0.0.1.0     (or Settings > Time & Language > Language & Region > Add a language > ગુજરાતી, then Language options > install the optional OCR component)
16:30:00 WARN    [Sandesh 10-08] [OCR] Windows OCR available but WITHOUT Gujarati -> trying next backend
16:30:00 SUCCESS [Sandesh 10-08] [OCR] Using Tesseract (Gujarati)
16:30:00 SUCCESS [Sandesh 10-08] [OCR] Sandesh -> Using Tesseract (Gujarati), 4 readers in parallel
16:30:00 SUCCESS [Gujarat Samachar 10-08] [OCR] Gujarat Samachar -> Using Tesseract (Gujarati), 4 readers in parallel
16:30:00 SUCCESS [Nav Gujarat Samay 10-08] [OCR] Nav Gujarat Samay -> Using Tesseract (Gujarati), 4 readers in parallel
16:30:00 SUCCESS [Sandesh 10-08] [OCR] Sandesh -> Using Tesseract (Gujarati), 4 readers in parallel
16:30:00 SUCCESS [Divya Bhaskar 10-08] [OCR] Divya Bhaskar -> Using Tesseract (Gujarati), 4 readers in parallel
16:30:00 SUCCESS [Nav Gujarat Samay 10-08] [OCR] Nav Gujarat Samay -> Using Tesseract (Gujarati), 4 readers in parallel
16:30:00 SUCCESS [Divya Bhaskar 10-08] [OCR] Divya Bhaskar -> Using Tesseract (Gujarati), 4 readers in parallel
16:30:00 SUCCESS [Sandesh 10-08] [OCR] Sandesh -> Using Tesseract (Gujarati), 4 readers in parallel
16:30:00 WARN    [Nav Gujarat Samay 10-08] [Warning] RAQM not available -> fallback rendering (embedded templates are unaffected; OCR decides matches).
16:30:00 DIM     [Nav Gujarat Samay 10-08] Pillow's Windows wheels do not bundle libraqm and there is no 'pillow[raqm]' extra, so pip cannot fix this - see setup_ocr.py --raqm.
16:30:00 INFO    [Gujarat Samachar 10-08] Opening Edition...
16:30:00 INFO    [Gujarat Samachar 10-08] Opening edition: ahmedabad / 10-08-2026
16:30:00 INFO    [Nav Gujarat Samay 10-08] Opening Edition...
16:30:00 INFO    [Nav Gujarat Samay 10-08] Opening edition: Ahmedabad / 2026-08-10
16:30:00 INFO    [Sandesh 10-08] Opening Edition...
16:30:00 INFO    [Sandesh 10-08] Opening edition: ahmedabad-east / 2026-08-10
16:30:00 INFO    [Sandesh 10-08] Opening Edition...
16:30:00 INFO    [Sandesh 10-08] Opening edition: gandhinagar / 2026-08-10
16:30:00 INFO    [Divya Bhaskar 10-08] Opening Edition...
16:30:00 INFO    [Divya Bhaskar 10-08] Opening edition: ahmedabad / 2026-08-10
16:30:00 INFO    [Divya Bhaskar 10-08] Opening Edition...
16:30:00 INFO    [Divya Bhaskar 10-08] Opening edition: gandhinagar / 2026-08-10
16:30:00 INFO    [Sandesh 10-08] Opening Edition...
16:30:00 INFO    [Sandesh 10-08] Opening edition: ahmedabad / 2026-08-10
16:30:00 INFO    [Nav Gujarat Samay 10-08] Opening Edition...
16:30:00 INFO    [Nav Gujarat Samay 10-08] Opening edition: Gandhinagar / 2026-08-10
16:30:00 INFO    [Sandesh 10-08] Edition has 18 pages.
16:30:00 DIM     [Sandesh 10-08] (page limit: first 2)
16:30:00 INFO    [Sandesh 10-08] Edition has 16 pages.
16:30:00 DIM     [Sandesh 10-08] (page limit: first 2)
16:30:00 INFO    [Sandesh 10-08] Edition is published as one PDF - downloading it.
16:30:00 INFO    [Sandesh 10-08] Downloading PDF: https://epapercdn.sandesh.com/epaper/2026/08/10/E3YlosvLn5FrcPXDUHKPwBwuy2m4SJAYVdj0dEQZ.pdf
16:30:01 INFO    [Sandesh 10-08] [ahmedabad-east] Page 1 / 2
16:30:01 INFO    [Sandesh 10-08] [ahmedabad] Page 1 / 2
16:30:01 INFO    [Gujarat Samachar 10-08] Edition has 16 pages (16 resolved directly from the index).
16:30:01 DIM     [Gujarat Samachar 10-08] (page limit: first 2)
16:30:01 INFO    [Gujarat Samachar 10-08] [ahmedabad] Page 1 / 2
16:30:01 DIM     [Nav Gujarat Samay 10-08] Resolved issue id 4185894 for 2026-08-10.
16:30:01 DIM     [Nav Gujarat Samay 10-08] Resolved issue id 4185894 for 2026-08-10.
16:30:01 DIM     [Divya Bhaskar 10-08] Browser session ready (chrome, headless).
16:30:01 WARN    [Divya Bhaskar 10-08] Auto-login: no logged-in Divya Bhaskar browser session found (browser not installed / not logged in, or Chrome's app-bound cookie encryption).  Trying the saved cookie / use Open PDF.
16:30:01 DIM     [Divya Bhaskar 10-08] Seeded the browser session from this machine's existing login.
16:30:01 INFO    [Divya Bhaskar 10-08] Opening the e-paper in a headless browser (automatic session)...
16:30:01 DIM     [Divya Bhaskar 10-08] chrome could not be driven; using the bundled Chromium instead.
16:30:01 INFO    [Nav Gujarat Samay 10-08] Edition has 13 pages.
16:30:01 DIM     [Nav Gujarat Samay 10-08] (page limit: first 2)
16:30:01 INFO    [Nav Gujarat Samay 10-08] [Ahmedabad] Page 1 / 2
16:30:02 DIM     [Divya Bhaskar 10-08] Browser session ready (chrome, headless).
16:30:02 INFO    [Nav Gujarat Samay 10-08] Edition has 13 pages.
16:30:02 DIM     [Nav Gujarat Samay 10-08] (page limit: first 2)
16:30:02 INFO    [Nav Gujarat Samay 10-08] [Gandhinagar] Page 1 / 2
16:30:02 INFO    [Gujarat Samachar 10-08] Got 2800x3974 px
16:30:02 INFO    [Gujarat Samachar 10-08] Searching for Public Notices...
16:30:03 INFO    [Nav Gujarat Samay 10-08] Got 1700x2668 px
16:30:03 INFO    [Nav Gujarat Samay 10-08] Searching for Public Notices...
16:30:03 INFO    [Nav Gujarat Samay 10-08] Got 1700x2668 px
16:30:03 INFO    [Nav Gujarat Samay 10-08] Searching for Public Notices...
16:30:04 WARN    [Divya Bhaskar 10-08] Auto-login: no logged-in Divya Bhaskar browser session found (browser not installed / not logged in, or Chrome's app-bound cookie encryption).  Trying the saved cookie / use Open PDF.
16:30:04 DIM     [Divya Bhaskar 10-08] Seeded the browser session from this machine's existing login.
16:30:04 INFO    [Divya Bhaskar 10-08] Opening the e-paper in a headless browser (automatic session)...
16:30:05 INFO    [Sandesh 10-08] PDF has 1 pages.
16:30:05 DIM     [Sandesh 10-08] (page limit: first 1)
16:30:05 INFO    [Sandesh 10-08] [gandhinagar] Page 1 / 1
16:30:05 INFO    [Sandesh 10-08] Got 1700x2355 px
16:30:05 INFO    [Sandesh 10-08] Searching for Public Notices...
16:30:05 SUCCESS [Divya Bhaskar 10-08] Browser session OK - 18 pages, access token yes.
16:30:07 INFO    [Sandesh 10-08] Got 2332x3231 px
16:30:07 INFO    [Sandesh 10-08] Searching for Public Notices...
16:30:08 INFO    [Sandesh 10-08] Got 2332x3231 px
16:30:08 INFO    [Sandesh 10-08] Searching for Public Notices...
16:30:08 DIM     [Gujarat Samachar 10-08] Deep scan: full-page OCR sweep...
16:30:09 SUCCESS [Divya Bhaskar 10-08] Browser session OK - 4 pages, access token yes.
16:30:09 INFO    [Divya Bhaskar 10-08] Edition has 4 pages.
16:30:09 DIM     [Divya Bhaskar 10-08] (page limit: first 2)
16:30:09 INFO    [Divya Bhaskar 10-08] [gandhinagar] Page 1 / 2
16:30:09 INFO    [Divya Bhaskar 10-08] Edition has 18 pages.
16:30:09 DIM     [Divya Bhaskar 10-08] (page limit: first 2)
16:30:09 INFO    [Divya Bhaskar 10-08] [ahmedabad] Page 1 / 2
16:30:10 DIM     [Nav Gujarat Samay 10-08] Deep scan: full-page OCR sweep...
16:30:11 DIM     [Nav Gujarat Samay 10-08] Deep scan: full-page OCR sweep...
16:30:11 INFO    [Divya Bhaskar 10-08] Got 2244x3600 px
16:30:11 INFO    [Divya Bhaskar 10-08] Searching for Public Notices...
16:30:11 DIM     [Sandesh 10-08] Deep scan: full-page OCR sweep...
16:30:11 INFO    [Divya Bhaskar 10-08] Got 2244x3600 px
16:30:11 INFO    [Divya Bhaskar 10-08] Searching for Public Notices...
16:30:12 DIM     [Sandesh 10-08] Deep scan: full-page OCR sweep...
16:30:13 DIM     [Sandesh 10-08] Deep scan: full-page OCR sweep...
16:30:14 DIM     [Gujarat Samachar 10-08] No Public Notices Found
16:30:14 INFO    [Gujarat Samachar 10-08] [ahmedabad] Page 2 / 2
16:30:14 INFO    [Gujarat Samachar 10-08] Got 2800x3974 px
16:30:14 INFO    [Gujarat Samachar 10-08] Searching for Public Notices...
16:30:16 DIM     [Divya Bhaskar 10-08] Deep scan: full-page OCR sweep...
16:30:20 DIM     [Gujarat Samachar 10-08] Deep scan: full-page OCR sweep...
16:30:21 DIM     [Divya Bhaskar 10-08] Deep scan: full-page OCR sweep...
16:30:23 DIM     [Nav Gujarat Samay 10-08] No Public Notices Found
16:30:23 INFO    [Nav Gujarat Samay 10-08] [Ahmedabad] Page 2 / 2
16:30:23 INFO    [Nav Gujarat Samay 10-08] Got 1700x2668 px
16:30:23 INFO    [Nav Gujarat Samay 10-08] Searching for Public Notices...
16:30:23 DIM     [Sandesh 10-08] No Public Notices Found
16:30:23 DIM     [Agent] Sandesh 10-08 -> Completed in 27.2s (0 notice(s))
16:30:23 DIM     ##  Sandesh  -  gandhinagar  -  10-08-2026  ->  0 notice(s)
16:30:24 DIM     [Nav Gujarat Samay 10-08] No Public Notices Found
16:30:24 INFO    [Nav Gujarat Samay 10-08] [Gandhinagar] Page 2 / 2
16:30:24 INFO    [Nav Gujarat Samay 10-08] Got 1700x2668 px
16:30:24 INFO    [Nav Gujarat Samay 10-08] Searching for Public Notices...
16:30:26 DIM     [Sandesh 10-08] No Public Notices Found
16:30:26 INFO    [Sandesh 10-08] [ahmedabad] Page 2 / 2
16:30:26 INFO    [Sandesh 10-08] Got 2332x3231 px
16:30:26 INFO    [Sandesh 10-08] Searching for Public Notices...
16:30:26 DIM     [Sandesh 10-08] No Public Notices Found
16:30:26 INFO    [Sandesh 10-08] [ahmedabad-east] Page 2 / 2
16:30:26 INFO    [Sandesh 10-08] Got 2332x3231 px
16:30:26 INFO    [Sandesh 10-08] Searching for Public Notices...
16:30:30 DIM     [Nav Gujarat Samay 10-08] Deep scan: full-page OCR sweep...
16:30:30 DIM     [Divya Bhaskar 10-08] No Public Notices Found
16:30:30 INFO    [Divya Bhaskar 10-08] [gandhinagar] Page 2 / 2
16:30:30 INFO    [Divya Bhaskar 10-08] Got 2243x3600 px
16:30:30 INFO    [Divya Bhaskar 10-08] Searching for Public Notices...
16:30:30 DIM     [Divya Bhaskar 10-08] No Public Notices Found
16:30:30 INFO    [Divya Bhaskar 10-08] [ahmedabad] Page 2 / 2
16:30:30 INFO    [Divya Bhaskar 10-08] Got 2244x3600 px
16:30:30 INFO    [Divya Bhaskar 10-08] Searching for Public Notices...
16:30:31 DIM     [Nav Gujarat Samay 10-08] Deep scan: full-page OCR sweep...
16:30:33 DIM     [Sandesh 10-08] Deep scan: full-page OCR sweep...
16:30:34 DIM     [Sandesh 10-08] Deep scan: full-page OCR sweep...
16:30:37 DIM     [Divya Bhaskar 10-08] Deep scan: full-page OCR sweep...
16:30:42 DIM     [Gujarat Samachar 10-08] No Public Notices Found
16:30:42 DIM     [Agent] Gujarat Samachar 10-08 -> Completed in 45.6s (0 notice(s))
16:30:42 DIM     ##  Gujarat Samachar  -  ahmedabad  -  10-08-2026  ->  0 notice(s)
16:30:42 SUCCESS [Divya Bhaskar 10-08] 1 Public Notice Found
16:30:42 INFO    [Divya Bhaskar 10-08] Cropping...
16:30:42 DIM     [Agent] Divya Bhaskar 10-08 -> Completed in 45.7s (1 notice(s))
16:30:42 SUCCESS ##  Divya Bhaskar  -  gandhinagar  -  10-08-2026  ->  1 notice(s)
16:30:49 DIM     [Nav Gujarat Samay 10-08] No Public Notices Found
16:30:49 DIM     [Agent] Nav Gujarat Samay 10-08 -> Completed in 53.3s (0 notice(s))
16:30:49 DIM     ##  Nav Gujarat Samay  -  Ahmedabad  -  10-08-2026  ->  0 notice(s)
16:30:50 DIM     [Nav Gujarat Samay 10-08] No Public Notices Found
16:30:50 DIM     [Agent] Nav Gujarat Samay 10-08 -> Completed in 53.7s (0 notice(s))
16:30:50 DIM     ##  Nav Gujarat Samay  -  Gandhinagar  -  10-08-2026  ->  0 notice(s)
16:30:51 DIM     [Divya Bhaskar 10-08] No Public Notices Found
16:30:51 DIM     [Agent] Divya Bhaskar 10-08 -> Completed in 54.6s (0 notice(s))
16:30:51 DIM     ##  Divya Bhaskar  -  ahmedabad  -  10-08-2026  ->  0 notice(s)
16:30:53 DIM     [Sandesh 10-08] No Public Notices Found
16:30:53 DIM     [Agent] Sandesh 10-08 -> Completed in 57.3s (0 notice(s))
16:30:53 DIM     ##  Sandesh  -  ahmedabad  -  10-08-2026  ->  0 notice(s)
16:30:54 INFO    run finished: Finished: 1 Public Notice total   [Divya Bhaskar: 1   Gujarat Samachar: 0   Nav Gujarat Samay: 0   Sandesh: 0] in 57.9s
16:30:54 DIM     [Sandesh 10-08] No Public Notices Found
16:30:54 DIM     [Agent] Sandesh 10-08 -> Completed in 57.8s (0 notice(s))
16:30:54 DIM     ##  Sandesh  -  ahmedabad-east  -  10-08-2026  ->  0 notice(s)
16:30:54 DIM     ----------------------------------------------
16:30:54 SUCCESS Finished: 1 Public Notice total   [Divya Bhaskar: 1   Gujarat Samachar: 0   Nav Gujarat Samay: 0   Sandesh: 0]
16:30:54 INFO        Divya Bhaskar: 1 notice(s)
16:30:54 INFO        Gujarat Samachar: 0 notice(s)
16:30:54 INFO        Nav Gujarat Samay: 0 notice(s)
16:30:54 INFO        Sandesh: 0 notice(s)
16:30:54 DIM         wall clock: 57.9s
16:32:26 DIM     [Search] reading 1 notice(s) with Tesseract...
16:32:26 DIM     [Search] reading 1 notice(s) with Tesseract...
16:32:29 INFO    ======================================================================
16:32:29 INFO    Public Notice Extractor v1.36 headless: 8 edition(s) for 2026-08-10
16:32:29 INFO    ======================================================================
16:32:29 INFO    [Agents] Starting 8 edition agents in parallel (6 detectors x 3 cv2 threads)...
16:32:33 INFO    [Sandesh 10-08] [OCR] Backend check:
16:32:33 DIM     [Sandesh 10-08] Windows OCR : installed, NO Gujarati [en-GB, en-US]
16:32:33 DIM     [Sandesh 10-08] Tesseract   : READY with Gujarati [E:\Tesseract-OCR\tesseract.exe]
16:32:33 DIM     [Sandesh 10-08] EasyOCR     : installed, NO Gujarati model (upstream limitation)
16:32:33 WARN    [Sandesh 10-08] [Setup] Windows OCR: add the Gujarati OCR pack.  Fastest way, in an ADMIN PowerShell:  DISM /Online /Add-Capability /CapabilityName:Language.OCR~~~gu-IN~0.0.1.0     (or Settings > Time & Language > Language & Region > Add a language > ગુજરાતી, then Language options > install the optional OCR component)
16:32:33 WARN    [Sandesh 10-08] [OCR] Windows OCR available but WITHOUT Gujarati -> trying next backend
16:32:33 SUCCESS [Sandesh 10-08] [OCR] Using Tesseract (Gujarati)
16:32:33 SUCCESS [Sandesh 10-08] [OCR] Sandesh -> Using Tesseract (Gujarati), 4 readers in parallel
16:32:33 SUCCESS [Sandesh 10-08] [OCR] Sandesh -> Using Tesseract (Gujarati), 4 readers in parallel
16:32:33 SUCCESS [Gujarat Samachar 10-08] [OCR] Gujarat Samachar -> Using Tesseract (Gujarati), 4 readers in parallel
16:32:33 SUCCESS [Sandesh 10-08] [OCR] Sandesh -> Using Tesseract (Gujarati), 4 readers in parallel
16:32:33 SUCCESS [Divya Bhaskar 10-08] [OCR] Divya Bhaskar -> Using Tesseract (Gujarati), 4 readers in parallel
16:32:33 SUCCESS [Nav Gujarat Samay 10-08] [OCR] Nav Gujarat Samay -> Using Tesseract (Gujarati), 4 readers in parallel
16:32:33 SUCCESS [Divya Bhaskar 10-08] [OCR] Divya Bhaskar -> Using Tesseract (Gujarati), 4 readers in parallel
16:32:33 SUCCESS [Nav Gujarat Samay 10-08] [OCR] Nav Gujarat Samay -> Using Tesseract (Gujarati), 4 readers in parallel
16:32:33 WARN    [Gujarat Samachar 10-08] [Warning] RAQM not available -> fallback rendering (embedded templates are unaffected; OCR decides matches).
16:32:33 DIM     [Gujarat Samachar 10-08] Pillow's Windows wheels do not bundle libraqm and there is no 'pillow[raqm]' extra, so pip cannot fix this - see setup_ocr.py --raqm.
16:32:33 INFO    [Sandesh 10-08] Opening Edition...
16:32:33 INFO    [Sandesh 10-08] Opening edition: gandhinagar / 2026-08-10
16:32:33 INFO    [Sandesh 10-08] Opening Edition...
16:32:33 INFO    [Sandesh 10-08] Opening edition: ahmedabad-east / 2026-08-10
16:32:33 INFO    [Gujarat Samachar 10-08] Opening Edition...
16:32:33 INFO    [Gujarat Samachar 10-08] Opening edition: ahmedabad / 10-08-2026
16:32:33 INFO    [Sandesh 10-08] Opening Edition...
16:32:33 INFO    [Sandesh 10-08] Opening edition: ahmedabad / 2026-08-10
16:32:33 INFO    [Divya Bhaskar 10-08] Opening Edition...
16:32:33 INFO    [Divya Bhaskar 10-08] Opening edition: gandhinagar / 2026-08-10
16:32:33 INFO    [Nav Gujarat Samay 10-08] Opening Edition...
16:32:33 INFO    [Nav Gujarat Samay 10-08] Opening edition: Gandhinagar / 2026-08-10
16:32:33 INFO    [Nav Gujarat Samay 10-08] Opening Edition...
16:32:33 INFO    [Nav Gujarat Samay 10-08] Opening edition: Ahmedabad / 2026-08-10
16:32:33 INFO    [Divya Bhaskar 10-08] Opening Edition...
16:32:33 INFO    [Divya Bhaskar 10-08] Opening edition: ahmedabad / 2026-08-10
16:32:33 DIM     [Nav Gujarat Samay 10-08] Resolved issue id 4185894 for 2026-08-10.
16:32:33 DIM     [Nav Gujarat Samay 10-08] Resolved issue id 4185894 for 2026-08-10.
16:32:33 INFO    [Sandesh 10-08] Edition is published as one PDF - downloading it.
16:32:33 INFO    [Sandesh 10-08] Downloading PDF: https://epapercdn.sandesh.com/epaper/2026/08/10/E3YlosvLn5FrcPXDUHKPwBwuy2m4SJAYVdj0dEQZ.pdf
16:32:33 INFO    [Sandesh 10-08] Edition has 18 pages.
16:32:33 DIM     [Sandesh 10-08] (page limit: first 2)
16:32:33 INFO    [Sandesh 10-08] [ahmedabad-east] Page 1 / 2
16:32:33 INFO    [Sandesh 10-08] Edition has 16 pages.
16:32:33 DIM     [Sandesh 10-08] (page limit: first 2)
16:32:33 INFO    [Sandesh 10-08] [ahmedabad] Page 1 / 2
16:32:33 INFO    [Gujarat Samachar 10-08] Edition has 16 pages (16 resolved directly from the index).
16:32:33 DIM     [Gujarat Samachar 10-08] (page limit: first 2)
16:32:33 INFO    [Gujarat Samachar 10-08] [ahmedabad] Page 1 / 2
16:32:34 INFO    [Nav Gujarat Samay 10-08] Edition has 13 pages.
16:32:34 DIM     [Nav Gujarat Samay 10-08] (page limit: first 2)
16:32:34 INFO    [Nav Gujarat Samay 10-08] [Ahmedabad] Page 1 / 2
16:32:34 DIM     [Divya Bhaskar 10-08] Browser session ready (chrome, headless).
16:32:34 WARN    [Divya Bhaskar 10-08] Browser automation failed: name '_SilentReporter' is not defined
16:32:34 WARN    [Divya Bhaskar 10-08] Browser discovery found no pages - falling back to the direct routes.
16:32:34 WARN    [Divya Bhaskar 10-08] Auto-login: no logged-in Divya Bhaskar browser session found (browser not installed / not logged in, or Chrome's app-bound cookie encryption).  Trying the saved cookie / use Open PDF.
16:32:34 INFO    [Divya Bhaskar 10-08] Using the stored Divya Bhaskar login session.
16:32:34 INFO    [Nav Gujarat Samay 10-08] Edition has 13 pages.
16:32:34 DIM     [Nav Gujarat Samay 10-08] (page limit: first 2)
16:32:34 INFO    [Nav Gujarat Samay 10-08] [Gandhinagar] Page 1 / 2
16:32:34 DIM     [Divya Bhaskar 10-08] Browser session ready (chrome, headless).
16:32:34 WARN    [Divya Bhaskar 10-08] Browser automation failed: name '_SilentReporter' is not defined
16:32:35 WARN    [Divya Bhaskar 10-08] Browser discovery found no pages - falling back to the direct routes.
16:32:35 WARN    [Divya Bhaskar 10-08] Auto-login: no logged-in Divya Bhaskar browser session found (browser not installed / not logged in, or Chrome's app-bound cookie encryption).  Trying the saved cookie / use Open PDF.
16:32:35 INFO    [Divya Bhaskar 10-08] Using the stored Divya Bhaskar login session.
16:32:35 INFO    [Gujarat Samachar 10-08] Got 2800x3974 px
16:32:35 INFO    [Gujarat Samachar 10-08] Searching for Public Notices...
16:32:35 INFO    [Divya Bhaskar 10-08] Edition has 18 pages.
16:32:35 DIM     [Divya Bhaskar 10-08] (page limit: first 2)
16:32:36 INFO    [Divya Bhaskar 10-08] [ahmedabad] Page 1 / 2
16:32:36 INFO    [Divya Bhaskar 10-08] Edition has 4 pages.
16:32:36 DIM     [Divya Bhaskar 10-08] (page limit: first 2)
16:32:36 INFO    [Divya Bhaskar 10-08] [gandhinagar] Page 1 / 2
16:32:37 INFO    [Nav Gujarat Samay 10-08] Got 1700x2668 px
16:32:37 INFO    [Nav Gujarat Samay 10-08] Searching for Public Notices...
16:32:37 INFO    [Divya Bhaskar 10-08] Got 2244x3600 px
16:32:37 INFO    [Divya Bhaskar 10-08] Searching for Public Notices...
16:32:38 INFO    [Divya Bhaskar 10-08] Got 2244x3600 px
16:32:38 INFO    [Divya Bhaskar 10-08] Searching for Public Notices...
16:32:39 INFO    [Sandesh 10-08] PDF has 1 pages.
16:32:39 DIM     [Sandesh 10-08] (page limit: first 1)
16:32:39 INFO    [Sandesh 10-08] [gandhinagar] Page 1 / 1
16:32:39 INFO    [Sandesh 10-08] Got 1700x2355 px
16:32:39 INFO    [Sandesh 10-08] Searching for Public Notices...
16:32:39 DIM     [Gujarat Samachar 10-08] Deep scan: full-page OCR sweep...
16:32:42 DIM     [Divya Bhaskar 10-08] Deep scan: full-page OCR sweep...
16:32:42 DIM     [Nav Gujarat Samay 10-08] Deep scan: full-page OCR sweep...
16:32:42 INFO    [Nav Gujarat Samay 10-08] Got 1700x2668 px
16:32:42 INFO    [Nav Gujarat Samay 10-08] Searching for Public Notices...
16:32:43 DIM     [Sandesh 10-08] Deep scan: full-page OCR sweep...
16:32:43 INFO    [Sandesh 10-08] Got 2332x3231 px
16:32:43 INFO    [Sandesh 10-08] Searching for Public Notices...
16:32:44 INFO    [Sandesh 10-08] Got 2332x3231 px
16:32:44 INFO    [Sandesh 10-08] Searching for Public Notices...
16:32:45 DIM     [Gujarat Samachar 10-08] No Public Notices Found
16:32:45 INFO    [Gujarat Samachar 10-08] [ahmedabad] Page 2 / 2
16:32:45 INFO    [Gujarat Samachar 10-08] Got 2800x3974 px
16:32:45 INFO    [Gujarat Samachar 10-08] Searching for Public Notices...
16:32:48 DIM     [Divya Bhaskar 10-08] Deep scan: full-page OCR sweep...
16:32:49 DIM     [Sandesh 10-08] Deep scan: full-page OCR sweep...
16:32:50 DIM     [Sandesh 10-08] Deep scan: full-page OCR sweep...
16:32:51 DIM     [Nav Gujarat Samay 10-08] Deep scan: full-page OCR sweep...
16:32:52 DIM     [Gujarat Samachar 10-08] Deep scan: full-page OCR sweep...
16:32:54 DIM     [Divya Bhaskar 10-08] No Public Notices Found
16:32:54 INFO    [Divya Bhaskar 10-08] [gandhinagar] Page 2 / 2
16:32:54 INFO    [Divya Bhaskar 10-08] Got 2243x3600 px
16:32:54 INFO    [Divya Bhaskar 10-08] Searching for Public Notices...
16:32:54 DIM     [Nav Gujarat Samay 10-08] No Public Notices Found
16:32:54 INFO    [Nav Gujarat Samay 10-08] [Ahmedabad] Page 2 / 2
16:32:54 INFO    [Nav Gujarat Samay 10-08] Got 1700x2668 px
16:32:54 INFO    [Nav Gujarat Samay 10-08] Searching for Public Notices...
16:32:55 DIM     [Sandesh 10-08] No Public Notices Found
16:32:55 DIM     [Agent] Sandesh 10-08 -> Completed in 25.8s (0 notice(s))
16:32:55 DIM     ##  Sandesh  -  gandhinagar  -  10-08-2026  ->  0 notice(s)
16:32:56 DIM     [Divya Bhaskar 10-08] No Public Notices Found
16:32:56 INFO    [Divya Bhaskar 10-08] [ahmedabad] Page 2 / 2
16:32:56 INFO    [Divya Bhaskar 10-08] Got 2244x3600 px
16:32:56 INFO    [Divya Bhaskar 10-08] Searching for Public Notices...
16:32:59 DIM     [Nav Gujarat Samay 10-08] Deep scan: full-page OCR sweep...
16:33:01 DIM     [Divya Bhaskar 10-08] Deep scan: full-page OCR sweep...
16:33:02 DIM     [Sandesh 10-08] No Public Notices Found
16:33:02 INFO    [Sandesh 10-08] [ahmedabad] Page 2 / 2
16:33:02 INFO    [Sandesh 10-08] Got 2332x3231 px
16:33:02 INFO    [Sandesh 10-08] Searching for Public Notices...
16:33:03 DIM     [Nav Gujarat Samay 10-08] No Public Notices Found
16:33:03 INFO    [Nav Gujarat Samay 10-08] [Gandhinagar] Page 2 / 2
16:33:03 INFO    [Nav Gujarat Samay 10-08] Got 1700x2668 px
16:33:03 INFO    [Nav Gujarat Samay 10-08] Searching for Public Notices...
16:33:03 SUCCESS [Divya Bhaskar 10-08] 1 Public Notice Found
16:33:03 INFO    [Divya Bhaskar 10-08] Cropping...
16:33:03 DIM     [Agent] Divya Bhaskar 10-08 -> Completed in 34.2s (1 notice(s))
16:33:03 SUCCESS ##  Divya Bhaskar  -  gandhinagar  -  10-08-2026  ->  1 notice(s)
16:33:04 DIM     [Sandesh 10-08] No Public Notices Found
16:33:04 INFO    [Sandesh 10-08] [ahmedabad-east] Page 2 / 2
16:33:04 INFO    [Sandesh 10-08] Got 2332x3231 px
16:33:04 INFO    [Sandesh 10-08] Searching for Public Notices...
16:33:09 DIM     [Sandesh 10-08] Deep scan: full-page OCR sweep...
16:33:10 DIM     [Sandesh 10-08] Deep scan: full-page OCR sweep...
16:33:11 DIM     [Nav Gujarat Samay 10-08] Deep scan: full-page OCR sweep...
16:33:12 DIM     [Gujarat Samachar 10-08] No Public Notices Found
16:33:12 DIM     [Agent] Gujarat Samachar 10-08 -> Completed in 42.9s (0 notice(s))
16:33:12 DIM     ##  Gujarat Samachar  -  ahmedabad  -  10-08-2026  ->  0 notice(s)
16:33:16 DIM     [Divya Bhaskar 10-08] No Public Notices Found
16:33:16 DIM     [Agent] Divya Bhaskar 10-08 -> Completed in 47.2s (0 notice(s))
16:33:16 DIM     ##  Divya Bhaskar  -  ahmedabad  -  10-08-2026  ->  0 notice(s)
16:33:17 DIM     [Nav Gujarat Samay 10-08] No Public Notices Found
16:33:17 DIM     [Agent] Nav Gujarat Samay 10-08 -> Completed in 48.3s (0 notice(s))
16:33:17 DIM     ##  Nav Gujarat Samay  -  Ahmedabad  -  10-08-2026  ->  0 notice(s)
16:33:25 DIM     [Nav Gujarat Samay 10-08] No Public Notices Found
16:33:25 DIM     [Agent] Nav Gujarat Samay 10-08 -> Completed in 56.4s (0 notice(s))
16:33:25 DIM     ##  Nav Gujarat Samay  -  Gandhinagar  -  10-08-2026  ->  0 notice(s)
16:33:27 DIM     [Sandesh 10-08] No Public Notices Found
16:33:27 DIM     [Agent] Sandesh 10-08 -> Completed in 57.9s (0 notice(s))
16:33:27 DIM     ##  Sandesh  -  ahmedabad  -  10-08-2026  ->  0 notice(s)
16:33:27 INFO    run finished: Finished: 1 Public Notice total   [Divya Bhaskar: 1   Gujarat Samachar: 0   Nav Gujarat Samay: 0   Sandesh: 0] in 58.5s
16:33:27 DIM     [Sandesh 10-08] No Public Notices Found
16:33:27 DIM     [Agent] Sandesh 10-08 -> Completed in 58.5s (0 notice(s))
16:33:27 DIM     ##  Sandesh  -  ahmedabad-east  -  10-08-2026  ->  0 notice(s)
16:33:27 DIM     ----------------------------------------------
16:33:27 SUCCESS Finished: 1 Public Notice total   [Divya Bhaskar: 1   Gujarat Samachar: 0   Nav Gujarat Samay: 0   Sandesh: 0]
16:33:27 INFO        Divya Bhaskar: 1 notice(s)
16:33:27 INFO        Gujarat Samachar: 0 notice(s)
16:33:27 INFO        Nav Gujarat Samay: 0 notice(s)
16:33:27 INFO        Sandesh: 0 notice(s)
16:33:27 DIM         wall clock: 58.5s
16:34:00 INFO    ======================================================================
16:34:00 INFO    Public Notice Extractor v1.36 headless: 8 edition(s) for 2026-08-10
16:34:00 INFO    ======================================================================
16:34:00 INFO    [Agents] Starting 8 edition agents in parallel (6 detectors x 3 cv2 threads)...
16:34:04 INFO    [Sandesh 10-08] [OCR] Backend check:
16:34:04 DIM     [Sandesh 10-08] Windows OCR : installed, NO Gujarati [en-GB, en-US]
16:34:04 DIM     [Sandesh 10-08] Tesseract   : READY with Gujarati [E:\Tesseract-OCR\tesseract.exe]
16:34:04 DIM     [Sandesh 10-08] EasyOCR     : installed, NO Gujarati model (upstream limitation)
16:34:04 WARN    [Sandesh 10-08] [Setup] Windows OCR: add the Gujarati OCR pack.  Fastest way, in an ADMIN PowerShell:  DISM /Online /Add-Capability /CapabilityName:Language.OCR~~~gu-IN~0.0.1.0     (or Settings > Time & Language > Language & Region > Add a language > ગુજરાતી, then Language options > install the optional OCR component)
16:34:04 WARN    [Sandesh 10-08] [OCR] Windows OCR available but WITHOUT Gujarati -> trying next backend
16:34:04 SUCCESS [Sandesh 10-08] [OCR] Using Tesseract (Gujarati)
16:34:04 SUCCESS [Sandesh 10-08] [OCR] Sandesh -> Using Tesseract (Gujarati), 4 readers in parallel
16:34:04 SUCCESS [Sandesh 10-08] [OCR] Sandesh -> Using Tesseract (Gujarati), 4 readers in parallel
16:34:04 SUCCESS [Sandesh 10-08] [OCR] Sandesh -> Using Tesseract (Gujarati), 4 readers in parallel
16:34:04 SUCCESS [Nav Gujarat Samay 10-08] [OCR] Nav Gujarat Samay -> Using Tesseract (Gujarati), 4 readers in parallel
16:34:04 SUCCESS [Nav Gujarat Samay 10-08] [OCR] Nav Gujarat Samay -> Using Tesseract (Gujarati), 4 readers in parallel
16:34:04 SUCCESS [Divya Bhaskar 10-08] [OCR] Divya Bhaskar -> Using Tesseract (Gujarati), 4 readers in parallel
16:34:04 SUCCESS [Gujarat Samachar 10-08] [OCR] Gujarat Samachar -> Using Tesseract (Gujarati), 4 readers in parallel
16:34:04 SUCCESS [Divya Bhaskar 10-08] [OCR] Divya Bhaskar -> Using Tesseract (Gujarati), 4 readers in parallel
16:34:04 WARN    [Nav Gujarat Samay 10-08] [Warning] RAQM not available -> fallback rendering (embedded templates are unaffected; OCR decides matches).
16:34:04 DIM     [Nav Gujarat Samay 10-08] Pillow's Windows wheels do not bundle libraqm and there is no 'pillow[raqm]' extra, so pip cannot fix this - see setup_ocr.py --raqm.
16:34:04 INFO    [Sandesh 10-08] Opening Edition...
16:34:04 INFO    [Sandesh 10-08] Opening edition: gandhinagar / 2026-08-10
16:34:04 INFO    [Nav Gujarat Samay 10-08] Opening Edition...
16:34:04 INFO    [Nav Gujarat Samay 10-08] Opening edition: Ahmedabad / 2026-08-10
16:34:04 INFO    [Nav Gujarat Samay 10-08] Opening Edition...
16:34:04 INFO    [Nav Gujarat Samay 10-08] Opening edition: Gandhinagar / 2026-08-10
16:34:04 INFO    [Sandesh 10-08] Opening Edition...
16:34:04 INFO    [Sandesh 10-08] Opening edition: ahmedabad / 2026-08-10
16:34:05 INFO    [Gujarat Samachar 10-08] Opening Edition...
16:34:05 INFO    [Gujarat Samachar 10-08] Opening edition: ahmedabad / 10-08-2026
16:34:05 INFO    [Sandesh 10-08] Opening Edition...
16:34:05 INFO    [Sandesh 10-08] Opening edition: ahmedabad-east / 2026-08-10
16:34:05 INFO    [Divya Bhaskar 10-08] Opening Edition...
16:34:05 INFO    [Divya Bhaskar 10-08] Opening edition: ahmedabad / 2026-08-10
16:34:05 INFO    [Divya Bhaskar 10-08] Opening Edition...
16:34:05 INFO    [Divya Bhaskar 10-08] Opening edition: gandhinagar / 2026-08-10
16:34:05 INFO    [Sandesh 10-08] Edition is published as one PDF - downloading it.
16:34:05 INFO    [Sandesh 10-08] Downloading PDF: https://epapercdn.sandesh.com/epaper/2026/08/10/E3YlosvLn5FrcPXDUHKPwBwuy2m4SJAYVdj0dEQZ.pdf
16:34:05 INFO    [Sandesh 10-08] Edition has 16 pages.
16:34:05 DIM     [Sandesh 10-08] (page limit: first 2)
16:34:05 INFO    [Sandesh 10-08] [ahmedabad] Page 1 / 2
16:34:05 DIM     [Nav Gujarat Samay 10-08] Resolved issue id 4185894 for 2026-08-10.
16:34:05 DIM     [Nav Gujarat Samay 10-08] Resolved issue id 4185894 for 2026-08-10.
16:34:05 INFO    [Sandesh 10-08] Edition has 18 pages.
16:34:05 DIM     [Sandesh 10-08] (page limit: first 2)
16:34:05 INFO    [Sandesh 10-08] [ahmedabad-east] Page 1 / 2
16:34:05 INFO    [Gujarat Samachar 10-08] Edition has 16 pages (16 resolved directly from the index).
16:34:05 DIM     [Gujarat Samachar 10-08] (page limit: first 2)
16:34:05 INFO    [Gujarat Samachar 10-08] [ahmedabad] Page 1 / 2
16:34:05 INFO    [Nav Gujarat Samay 10-08] Edition has 13 pages.
16:34:05 DIM     [Nav Gujarat Samay 10-08] (page limit: first 2)
16:34:05 INFO    [Nav Gujarat Samay 10-08] [Ahmedabad] Page 1 / 2
16:34:05 DIM     [Divya Bhaskar 10-08] Browser session ready (chrome, headless).
16:34:05 DIM     [Divya Bhaskar 10-08] Seeded the session from the stored login.
16:34:05 INFO    [Divya Bhaskar 10-08] Opening the e-paper in a headless browser (automatic session)...
16:34:06 INFO    [Nav Gujarat Samay 10-08] Edition has 13 pages.
16:34:06 DIM     [Nav Gujarat Samay 10-08] (page limit: first 2)
16:34:06 INFO    [Nav Gujarat Samay 10-08] [Gandhinagar] Page 1 / 2
16:34:07 INFO    [Nav Gujarat Samay 10-08] Got 1700x2668 px
16:34:07 INFO    [Nav Gujarat Samay 10-08] Searching for Public Notices...
16:34:08 INFO    [Gujarat Samachar 10-08] Got 2800x3974 px
16:34:08 INFO    [Gujarat Samachar 10-08] Searching for Public Notices...
16:34:08 INFO    [Nav Gujarat Samay 10-08] Got 1700x2668 px
16:34:08 INFO    [Nav Gujarat Samay 10-08] Searching for Public Notices...
16:34:09 INFO    [Sandesh 10-08] PDF has 1 pages.
16:34:09 DIM     [Sandesh 10-08] (page limit: first 1)
16:34:09 INFO    [Sandesh 10-08] [gandhinagar] Page 1 / 1
16:34:09 INFO    [Sandesh 10-08] Got 1700x2355 px
16:34:09 INFO    [Sandesh 10-08] Searching for Public Notices...
16:34:10 INFO    [Sandesh 10-08] Got 2332x3231 px
16:34:10 INFO    [Sandesh 10-08] Searching for Public Notices...
16:34:10 SUCCESS [Divya Bhaskar 10-08] Browser session OK - 18 pages, access token yes.
16:34:10 INFO    [Divya Bhaskar 10-08] Edition has 18 pages.
16:34:10 DIM     [Divya Bhaskar 10-08] (page limit: first 2)
16:34:10 INFO    [Divya Bhaskar 10-08] [ahmedabad] Page 1 / 2
16:34:11 DIM     [Divya Bhaskar 10-08] Browser session ready (chrome, headless).
16:34:11 INFO    [Sandesh 10-08] Got 2332x3231 px
16:34:11 INFO    [Sandesh 10-08] Searching for Public Notices...
16:34:12 DIM     [Divya Bhaskar 10-08] Seeded the session from the stored login.
16:34:12 INFO    [Divya Bhaskar 10-08] Opening the e-paper in a headless browser (automatic session)...
16:34:12 INFO    [Divya Bhaskar 10-08] Got 2244x3600 px
16:34:12 INFO    [Divya Bhaskar 10-08] Searching for Public Notices...
16:34:14 DIM     [Nav Gujarat Samay 10-08] Deep scan: full-page OCR sweep...
16:34:14 SUCCESS [Divya Bhaskar 10-08] Browser session OK - 4 pages, access token yes.
16:34:14 DIM     [Gujarat Samachar 10-08] Deep scan: full-page OCR sweep...
16:34:15 INFO    [Divya Bhaskar 10-08] Edition has 4 pages.
16:34:15 DIM     [Divya Bhaskar 10-08] (page limit: first 2)
16:34:15 INFO    [Divya Bhaskar 10-08] [gandhinagar] Page 1 / 2
16:34:15 DIM     [Sandesh 10-08] Deep scan: full-page OCR sweep...
16:34:16 INFO    [Divya Bhaskar 10-08] Got 2244x3600 px
16:34:16 INFO    [Divya Bhaskar 10-08] Searching for Public Notices...
16:34:16 DIM     [Sandesh 10-08] Deep scan: full-page OCR sweep...
16:34:17 DIM     [Nav Gujarat Samay 10-08] Deep scan: full-page OCR sweep...
16:34:17 DIM     [Sandesh 10-08] Deep scan: full-page OCR sweep...
16:34:20 DIM     [Divya Bhaskar 10-08] Deep scan: full-page OCR sweep...
16:34:20 DIM     [Gujarat Samachar 10-08] No Public Notices Found
16:34:20 INFO    [Gujarat Samachar 10-08] [ahmedabad] Page 2 / 2
16:34:20 INFO    [Gujarat Samachar 10-08] Got 2800x3974 px
16:34:20 INFO    [Gujarat Samachar 10-08] Searching for Public Notices...
16:34:23 DIM     [Divya Bhaskar 10-08] Deep scan: full-page OCR sweep...
16:34:26 DIM     [Gujarat Samachar 10-08] Deep scan: full-page OCR sweep...
16:34:28 DIM     [Sandesh 10-08] No Public Notices Found
16:34:28 DIM     [Agent] Sandesh 10-08 -> Completed in 27.8s (0 notice(s))
16:34:28 DIM     ##  Sandesh  -  gandhinagar  -  10-08-2026  ->  0 notice(s)
16:34:29 DIM     [Nav Gujarat Samay 10-08] No Public Notices Found
16:34:29 INFO    [Nav Gujarat Samay 10-08] [Ahmedabad] Page 2 / 2
16:34:29 INFO    [Nav Gujarat Samay 10-08] Got 1700x2668 px
16:34:29 INFO    [Nav Gujarat Samay 10-08] Searching for Public Notices...
16:34:31 DIM     [Sandesh 10-08] No Public Notices Found
16:34:31 INFO    [Sandesh 10-08] [ahmedabad] Page 2 / 2
16:34:31 INFO    [Sandesh 10-08] Got 2332x3231 px
16:34:31 INFO    [Sandesh 10-08] Searching for Public Notices...
16:34:31 DIM     [Nav Gujarat Samay 10-08] No Public Notices Found
16:34:31 INFO    [Nav Gujarat Samay 10-08] [Gandhinagar] Page 2 / 2
16:34:31 INFO    [Nav Gujarat Samay 10-08] Got 1700x2668 px
16:34:31 INFO    [Nav Gujarat Samay 10-08] Searching for Public Notices...
16:34:33 DIM     [Divya Bhaskar 10-08] No Public Notices Found
16:34:33 INFO    [Divya Bhaskar 10-08] [ahmedabad] Page 2 / 2
16:34:33 INFO    [Divya Bhaskar 10-08] Got 2244x3600 px
16:34:33 INFO    [Divya Bhaskar 10-08] Searching for Public Notices...
16:34:33 DIM     [Sandesh 10-08] No Public Notices Found
16:34:33 INFO    [Sandesh 10-08] [ahmedabad-east] Page 2 / 2
16:34:33 INFO    [Sandesh 10-08] Got 2332x3231 px
16:34:33 INFO    [Sandesh 10-08] Searching for Public Notices...
16:34:35 DIM     [Divya Bhaskar 10-08] No Public Notices Found
16:34:35 INFO    [Divya Bhaskar 10-08] [gandhinagar] Page 2 / 2
16:34:35 INFO    [Divya Bhaskar 10-08] Got 2243x3600 px
16:34:35 INFO    [Divya Bhaskar 10-08] Searching for Public Notices...
16:34:37 DIM     [Nav Gujarat Samay 10-08] Deep scan: full-page OCR sweep...
16:34:38 DIM     [Sandesh 10-08] Deep scan: full-page OCR sweep...
16:34:40 DIM     [Nav Gujarat Samay 10-08] Deep scan: full-page OCR sweep...
16:34:41 DIM     [Sandesh 10-08] Deep scan: full-page OCR sweep...
16:34:42 DIM     [Divya Bhaskar 10-08] Deep scan: full-page OCR sweep...
16:34:48 SUCCESS [Divya Bhaskar 10-08] 1 Public Notice Found
16:34:48 INFO    [Divya Bhaskar 10-08] Cropping...
16:34:48 DIM     [Agent] Divya Bhaskar 10-08 -> Completed in 47.5s (1 notice(s))
16:34:48 SUCCESS ##  Divya Bhaskar  -  gandhinagar  -  10-08-2026  ->  1 notice(s)
16:34:50 DIM     [Gujarat Samachar 10-08] No Public Notices Found
16:34:50 DIM     [Agent] Gujarat Samachar 10-08 -> Completed in 49.8s (0 notice(s))
16:34:50 DIM     ##  Gujarat Samachar  -  ahmedabad  -  10-08-2026  ->  0 notice(s)
16:34:56 DIM     [Nav Gujarat Samay 10-08] No Public Notices Found
16:34:56 DIM     [Agent] Nav Gujarat Samay 10-08 -> Completed in 55.7s (0 notice(s))
16:34:56 DIM     ##  Nav Gujarat Samay  -  Ahmedabad  -  10-08-2026  ->  0 notice(s)
16:34:56 DIM     [Divya Bhaskar 10-08] No Public Notices Found
16:34:56 DIM     [Agent] Divya Bhaskar 10-08 -> Completed in 56.1s (0 notice(s))
16:34:56 DIM     ##  Divya Bhaskar  -  ahmedabad  -  10-08-2026  ->  0 notice(s)
16:34:58 DIM     [Nav Gujarat Samay 10-08] No Public Notices Found
16:34:58 DIM     [Agent] Nav Gujarat Samay 10-08 -> Completed in 58.1s (0 notice(s))
16:34:58 DIM     ##  Nav Gujarat Samay  -  Gandhinagar  -  10-08-2026  ->  0 notice(s)
16:35:00 DIM     [Sandesh 10-08] No Public Notices Found
16:35:00 DIM     [Agent] Sandesh 10-08 -> Completed in 59.5s (0 notice(s))
16:35:00 DIM     ##  Sandesh  -  ahmedabad  -  10-08-2026  ->  0 notice(s)
16:35:01 INFO    run finished: Finished: 1 Public Notice total   [Divya Bhaskar: 1   Gujarat Samachar: 0   Nav Gujarat Samay: 0   Sandesh: 0] in 60.9s
16:35:01 DIM     [Sandesh 10-08] No Public Notices Found
16:35:01 DIM     [Agent] Sandesh 10-08 -> Completed in 60.9s (0 notice(s))
16:35:01 DIM     ##  Sandesh  -  ahmedabad-east  -  10-08-2026  ->  0 notice(s)
16:35:01 DIM     ----------------------------------------------
16:35:01 SUCCESS Finished: 1 Public Notice total   [Divya Bhaskar: 1   Gujarat Samachar: 0   Nav Gujarat Samay: 0   Sandesh: 0]
16:35:01 INFO        Divya Bhaskar: 1 notice(s)
16:35:01 INFO        Gujarat Samachar: 0 notice(s)
16:35:01 INFO        Nav Gujarat Samay: 0 notice(s)
16:35:01 INFO        Sandesh: 0 notice(s)
16:35:01 DIM         wall clock: 60.9s
16:36:32 DIM     [Search] reading 1 notice(s) with Tesseract...
16:36:33 DIM     [Search] reading 1 notice(s) with Tesseract...
16:36:34 INFO    logger self-check
